// Jest Snapshot v1, https://goo.gl/fbAQLP

exports[`Flourish component 1`] = `
<div
  className="flourish-embed"
/>
`;
