// Jest Snapshot v1, https://goo.gl/fbAQLP

exports[`renders FlourishViewWidget component 1`] = `
<div
  className="flourish-view-widget"
>
  <div
    data-testid="flourish-component"
  />
</div>
`;
